../Core/Src/main.c:78:5:main	8	static
../Core/Src/main.c:127:6:SystemClock_Config	88	static
../Core/Src/main.c:171:13:MX_SPI3_Init	8	static
../Core/Src/main.c:207:13:MX_USART2_UART_Init	8	static
../Core/Src/main.c:238:13:MX_GPIO_Init	48	static
../Core/Src/main.c:277:6:SPITxRx_Setup	8	static
../Core/Src/main.c:283:6:SPITxRx_readIO	8	static
../Core/Src/main.c:293:6:SPIWrite1	8	static
../Core/Src/main.c:302:6:SPIWrite2	8	static
../Core/Src/main.c:312:6:HAL_SPI_TxRxCpltCallback	16	static
../Core/Src/main.c:322:6:Error_Handler	4	static,ignoring_inline_asm
