../Core/Src/main.c:82:5:main	8	static
../Core/Src/main.c:149:6:SystemClock_Config	88	static
../Core/Src/main.c:196:13:MX_TIM1_Init	96	static
../Core/Src/main.c:271:13:MX_TIM2_Init	48	static
../Core/Src/main.c:329:13:MX_USART2_UART_Init	8	static
../Core/Src/main.c:360:13:MX_DMA_Init	16	static
../Core/Src/main.c:378:13:MX_GPIO_Init	48	static
../Core/Src/main.c:407:7:IC_Calc_Period	32	static
../Core/Src/main.c:422:7:ToRPM	16	static
../Core/Src/main.c:427:7:RTP_C	16	static
../Core/Src/main.c:430:6:Control	16	static
../Core/Src/main.c:439:6:Error_Handler	4	static,ignoring_inline_asm
