../Core/Src/main.c:73:5:main	8	static
../Core/Src/main.c:125:6:SystemClock_Config	88	static
../Core/Src/main.c:172:13:MX_USART2_UART_Init	8	static
../Core/Src/main.c:203:13:MX_DMA_Init	16	static
../Core/Src/main.c:224:13:MX_GPIO_Init	48	static
../Core/Src/main.c:253:6:UARTPlllingMethod	16	static
../Core/Src/main.c:268:6:DummyTask	8	static
../Core/Src/main.c:275:6:UARTInterruptConfig	8	static
../Core/Src/main.c:278:6:HAL_UART_RxCpltCallback	16	static
../Core/Src/main.c:292:6:Error_Handler	4	static,ignoring_inline_asm
