../Core/Src/main.c:89:5:main	8	static
../Core/Src/main.c:179:6:SystemClock_Config	88	static
../Core/Src/main.c:223:13:MX_ADC1_Init	24	static
../Core/Src/main.c:272:13:MX_I2C1_Init	8	static
../Core/Src/main.c:304:13:MX_I2C2_Init	8	static
../Core/Src/main.c:336:13:MX_TIM1_Init	80	static
../Core/Src/main.c:399:13:MX_TIM2_Init	56	static
../Core/Src/main.c:446:13:MX_TIM5_Init	32	static
../Core/Src/main.c:488:13:MX_USART2_UART_Init	8	static
../Core/Src/main.c:517:13:MX_DMA_Init	16	static
../Core/Src/main.c:534:13:MX_GPIO_Init	48	static
../Core/Src/main.c:611:6:Error_Handler	4	static,ignoring_inline_asm
